s__Acetatifactor_muris
s__Lachnospiraceae_bacterium_A2
s__Lachnospiraceae_bacterium_A4
s__Lachnospiraceae_bacterium_M18_1
s__Oscillibacter_sp_1_3
s__Enterorhabdus_caecimuris
s__Bacteroides_thetaiotaomicron
s__Acutalibacter_muris
s__Lactococcus_lactis
s__Parasutterella_excrementihominis
s__Dorea_sp_5_2
s__Akkermansia_muciniphila
s__Clostridium_sp_ASF502
s__Anaerotruncus_sp_G3_2012
s__Lachnospiraceae_bacterium_28_4
